---
source: src/ui/line/item.rs
expression: new_item(RG_JSON_MATCH).to_span_lines(&ctx)
---
[
    Line {
        spans: [
            Span {
                content: "197:",
                style: Style {
                    fg: Some(
                        DarkGray,
                    ),
                    bg: None,
                    underline_color: None,
                    add_modifier: NONE,
                    sub_modifier: NONE,
                },
            },
            Span {
                content: "␣␣␣␣",
                style: Style {
                    fg: None,
                    bg: None,
                    underline_color: None,
                    add_modifier: NONE,
                    sub_modifier: NONE,
                },
            },
            Span {
                content: "Item",
                style: Style {
                    fg: Some(
                        Red,
                    ),
                    bg: None,
                    underline_color: None,
                    add_modifier: CROSSED_OUT,
                    sub_modifier: NONE,
                },
            },
            Span {
                content: "foobar¬",
                style: Style {
                    fg: Some(
                        Green,
                    ),
                    bg: None,
                    underline_color: None,
                    add_modifier: NONE,
                    sub_modifier: NONE,
                },
            },
            Span {
                content: "::new(",
                style: Style {
                    fg: None,
                    bg: None,
                    underline_color: None,
                    add_modifier: NONE,
                    sub_modifier: NONE,
                },
            },
            Span {
                content: "rg_msg",
                style: Style {
                    fg: Some(
                        Red,
                    ),
                    bg: None,
                    underline_color: None,
                    add_modifier: CROSSED_OUT,
                    sub_modifier: NONE,
                },
            },
            Span {
                content: "foobar¬",
                style: Style {
                    fg: Some(
                        Green,
                    ),
                    bg: None,
                    underline_color: None,
                    add_modifier: NONE,
                    sub_modifier: NONE,
                },
            },
            Span {
                content: ")¬",
                style: Style {
                    fg: None,
                    bg: None,
                    underline_color: None,
                    add_modifier: NONE,
                    sub_modifier: NONE,
                },
            },
        ],
        alignment: None,
    },
]
