---
source: src/ui/line/item.rs
expression: new_item(RG_JSON_BEGIN).to_span_lines(&ctx)
---
[
    Line {
        spans: [
            Span {
                content: "src/model/item.rs",
                style: Style {
                    fg: Some(
                        Black,
                    ),
                    bg: Some(
                        Yellow,
                    ),
                    underline_color: None,
                    add_modifier: NONE,
                    sub_modifier: NONE,
                },
            },
        ],
        alignment: None,
    },
]
