---
source: src/ui/line/item.rs
expression: new_item(RG_B64_JSON_END).to_span_lines(&ctx)
---
[
    Spans(
        [
            Span {
                content: "",
                style: Style {
                    fg: None,
                    bg: None,
                    add_modifier: (empty),
                    sub_modifier: (empty),
                },
            },
        ],
    ),
]
