---
source: src/ui/line/item.rs
expression: new_item(RG_B64_JSON_CONTEXT).to_span_lines(&ctx)
---
[
    Line {
        spans: [
            Span {
                content: "198:",
                style: Style {
                    fg: Some(
                        DarkGray,
                    ),
                    bg: None,
                    underline_color: None,
                    add_modifier: NONE,
                    sub_modifier: NONE,
                },
            },
            Span {
                content: "  ï¿½}",
                style: Style {
                    fg: None,
                    bg: None,
                    underline_color: None,
                    add_modifier: NONE,
                    sub_modifier: NONE,
                },
            },
        ],
        alignment: None,
    },
]
