---
source: src/model/item.rs
expression: new_item(RG_B64_JSON_BEGIN).to_span_lines(&ctx)
---
[
    Spans(
        [
            Span {
                content: "./a/foï¿½o",
                style: Style {
                    fg: Some(
                        Black,
                    ),
                    bg: Some(
                        Yellow,
                    ),
                    add_modifier: (empty),
                    sub_modifier: (empty),
                },
            },
        ],
    ),
]
